[www.candicecai.me/index.html]
[backblue.gif]
[fade.gif]
[index.html]
[www.candicecai.me/wp-includes/css/dist/block-library/style.min7661.css]
[www.candicecai.me/wp-content/themes/semplice5/stylece52.css]
[www.candicecai.me/wp-includes/js/mediaelement/mediaelementplayer-legacy.minc270.css]
[www.candicecai.me/wp-content/themes/semplice5/assets/css/frontend.mince52.css]
[www.candicecai.me/wp-includes/js/jquery/jquery4a5f.js]
[www.candicecai.me/wp-includes/js/jquery/jquery-migrate.min330a.js]
[www.candicecai.me/xmlrpc0db0.php]
[www.candicecai.me/wp-includes/wlwmanifest.xml]
[www.candicecai.me/wp-json/oembed/1.0/embedc249.json]
[www.candicecai.me/wp-json/oembed/1.0/embedebbd]
[www.candicecai.me/wp-content/uploads/2020/01/favicon.png]
[www.candicecai.me/wp-json/index.html]
[www.candicecai.me/wp-content/uploads/2020/01/Path-7-1.svg]
[www.candicecai.me/about.html]
[www.candicecai.me/ar-visual.html]
[www.candicecai.me/project/quitime.html]
[www.candicecai.me/project/dashboard.html]
[www.candicecai.me/project/cari-ar-experience-for-passengers.html]
[www.candicecai.me/project/design-challenge.html]
[www.candicecai.me/wp-content/uploads/2020/05/1.jpg]
[www.candicecai.me/wp-content/uploads/2020/01/Night-mode.png]
[www.candicecai.me/project/samsung-health.html]
[www.candicecai.me/project/homechef.html]
[www.candicecai.me/wp-content/uploads/2020/07/Samsung-cover.jpg]
[www.candicecai.me/wp-content/themes/semplice5/assets/js/frontend.scripts.mince52.js]
[www.candicecai.me/wp-content/uploads/2020/01/homechef.jpg]
[www.candicecai.me/wp-includes/js/mediaelement/mediaelement-and-player.minc270.js]
[www.candicecai.me/wp-includes/js/mediaelement/mediaelement-migrate.min7661.js]
[www.candicecai.me/wp-content/themes/semplice5/assets/js/frontend.mince52.js]
[www.candicecai.me/wp-includes/js/wp-embed.min7661.js]
[www.candicecai.me/index.html]
[www.candicecai.me/wp-includes/css/dist/block-library/style.min7661.css]
[www.candicecai.me/wp-content/themes/semplice5/stylece52.css]
[www.candicecai.me/wp-content/themes/semplice5/assets/images/admin/select_box_arrow.png]
[www.candicecai.me/wp-content/themes/semplice5/assets/images/admin/placeholders/mp_bg_image.svg]
[www.candicecai.me/wp-content/themes/semplice5/assets/images/admin/placeholders/mp_bg_gallery.svg]
[www.candicecai.me/wp-content/themes/semplice5/assets/images/admin/placeholders/mp_bg_gallerygrid.svg]
[www.candicecai.me/wp-content/themes/semplice5/assets/images/admin/placeholders/mp_bg_video.svg]
[www.candicecai.me/wp-content/themes/semplice5/assets/images/admin/placeholders/mp_bg_oembed.svg]
[www.candicecai.me/wp-content/themes/semplice5/assets/images/admin/placeholders/mp_bg_portfoliogrid.svg]
[www.candicecai.me/wp-content/themes/semplice5/assets/images/admin/placeholders/mp_bg_code.svg]
[www.candicecai.me/wp-content/themes/semplice5/assets/images/admin/placeholders/mp_bg_dribbble.svg]
[www.candicecai.me/wp-content/themes/semplice5/assets/images/admin/placeholders/mp_bg_instagram.svg]
[www.candicecai.me/wp-content/themes/semplice5/assets/images/admin/placeholders/mp_bg_beforeafter.svg]
[www.candicecai.me/wp-content/themes/semplice5/assets/images/frontend/icons/password_submit.svg]
[www.candicecai.me/wp-content/themes/semplice5/assets/images/frontend/mediaelement/controls_old.svg]
[www.candicecai.me/wp-content/themes/semplice5/assets/images/frontend/mediaelement/controls_recent.svg]
[www.candicecai.me/wp-content/themes/semplice5/assets/images/frontend/photoswipe/default-skin.png]
[www.candicecai.me/wp-content/themes/semplice5/assets/images/frontend/mediaelement/bigplay.png]
[www.candicecai.me/wp-content/themes/semplice5/assets/images/frontend/photoswipe/default-skin.svg]
[www.candicecai.me/wp-content/themes/semplice5/assets/images/frontend/photoswipe/preloader.gif]
[www.candicecai.me/wp-content/themes/semplice5/assets/css/frontend.mince52.css]
[www.candicecai.me/wp-includes/js/mediaelement/mediaelementplayer-legacy.minc270.css]
[www.candicecai.me/xmlrpc0db0.html]
[www.candicecai.me/wp-content/uploads/2020/01/Path-7-1.svg]
[www.candicecai.me/wp-includes/js/mediaelement/mejs-controls.svg]
[www.candicecai.me/wp-json/oembed/1.0/embedde1f.json]
[www.candicecai.me/wp-json/oembed/1.0/embed9001]
[www.candicecai.me/wp-content/uploads/2020/01/arposter2.jpg]
[www.candicecai.me/wp-content/uploads/2020/01/3.jpg]
[www.candicecai.me/wp-content/uploads/2020/01/2d0ba446-0bd5-4bf0-ac07-98bf136f2c07_rw_1200.png]
[www.candicecai.me/wp-content/uploads/2020/01/3aab5611-1515-4c55-a5fe-05952ec81a60_rw_1200.png]
[www.candicecai.me/wp-content/uploads/2020/01/25cb0669-0102-4396-a373-d0b9fbb53413_rw_1200.png]
[www.candicecai.me/ar-visual.html]
[www.candicecai.me/about/feed]
[www.candicecai.me/wp-json/oembed/1.0/embed2c49.json]
[www.candicecai.me/wp-json/oembed/1.0/embedc8c7]
[www.candicecai.me/wp-content/uploads/2020/01/WechatIMG255.jpg]
[www.candicecai.me/wp-content/uploads/2020/02/Design-process.png]
[www.candicecai.me/about.html]
[www.candicecai.me/wp-json/oembed/1.0/embed8204.json]
[www.candicecai.me/wp-json/oembed/1.0/embede641]
[www.candicecai.me/wp-content/uploads/2020/01/Quitime-cover-page.jpg]
[www.candicecai.me/wp-content/uploads/2020/02/animation-1-min.gif]
[www.candicecai.me/wp-content/uploads/2020/01/process.png]
[www.candicecai.me/wp-content/uploads/2020/01/never-too-late-to-stop-smoking-old-man-breaks-cigarette-154882576-5759ae185f9b5892e83ada0c.jpg]
[www.candicecai.me/wp-content/uploads/2020/01/achievement-activity-adolescent-arms-347135.jpg]
[www.candicecai.me/wp-content/uploads/2020/01/104573453-56a133825f9b58b7d0bcfc6f.jpg]
[www.candicecai.me/wp-content/uploads/2020/02/SET-Factors.png]
[www.candicecai.me/wp-content/uploads/2020/01/user-interview-1.png]
[www.candicecai.me/wp-content/uploads/2020/01/secondary-research-2.png]
[www.candicecai.me/wp-content/uploads/2020/01/motivation1.svg]
[www.candicecai.me/wp-content/uploads/2020/01/motivation2.svg]
[www.candicecai.me/wp-content/uploads/2020/01/motivation3.svg]
[www.candicecai.me/wp-content/uploads/2020/01/AR-Fitness-Experience-Quitime-Territory-map.jpg]
[www.candicecai.me/wp-content/uploads/2020/01/6VvuHGsoU2QBt9MXeXNdDuyd4Bmd63j7zJymDTWgdcJjo12F3Mb8v59rfbXEA7bHv5XQh8KQYFPusT7Greu5Uky3hToXgPrtZnjCoLMQcQkRnmdA8uehhS1yPVbRFC.jpg]
[www.candicecai.me/wp-content/uploads/2020/01/before.png]
[www.candicecai.me/wp-content/uploads/2020/01/4x4-rubik-s-cube-on-a-man-s-hand-1002693-scaled.jpg]
[www.candicecai.me/wp-content/uploads/2020/02/animation-2-min.gif]
[www.candicecai.me/wp-content/uploads/2020/01/Persona2-James.png]
[www.candicecai.me/wp-content/uploads/2020/02/Post-test-survey.png]
[www.candicecai.me/wp-content/uploads/2020/01/person-holding-black-card-holder-928181-scaled.jpg]
[www.candicecai.me/wp-content/uploads/2020/01/affinity-diagram.png]
[www.candicecai.me/wp-content/uploads/2020/01/60ee78bf-c3bd-4b67-8ba5-15b234cf3298_rw_1200.png]
[www.candicecai.me/wp-content/uploads/2020/02/User-Journey-Map-2.png]
[www.candicecai.me/wp-content/uploads/2020/01/Persona1-Sarah.png]
[www.candicecai.me/wp-content/uploads/2020/01/Platform-Ideation-2.png]
[www.candicecai.me/wp-content/uploads/2020/01/Concept-Evaluation-1.png]
[www.candicecai.me/wp-content/uploads/2020/02/quitime-sketch-1.png]
[www.candicecai.me/wp-content/uploads/2020/01/Concept-Evaluation-3.png]
[www.candicecai.me/wp-content/uploads/2020/01/Concept-Evaluation-4.png]
[www.candicecai.me/wp-content/uploads/2020/01/Sitemap.png]
[www.candicecai.me/wp-content/uploads/2020/01/Concept-Evaluation-2.png]
[www.candicecai.me/wp-content/uploads/2020/01/Concept-map.png]
[www.candicecai.me/wp-content/uploads/2020/01/Wireframe-2.png]
[www.candicecai.me/wp-content/uploads/2020/02/homepage-1-min.png]
